Archive member included because of file (symbol)

/usr/local/arm/gcc-linaro-arm-linux-gnueabihf-4.7-2013.03-20130313_linux/bin/../lib/gcc/arm-linux-gnueabihf/4.7.3/libgcc.a(_udivsi3.o)
                              arch/arm/cpu/armv7/omap-common/libomap-common.o (__aeabi_uidiv)
/usr/local/arm/gcc-linaro-arm-linux-gnueabihf-4.7-2013.03-20130313_linux/bin/../lib/gcc/arm-linux-gnueabihf/4.7.3/libgcc.a(_divsi3.o)
                              common/libcommon.o (__aeabi_idiv)
/usr/local/arm/gcc-linaro-arm-linux-gnueabihf-4.7-2013.03-20130313_linux/bin/../lib/gcc/arm-linux-gnueabihf/4.7.3/libgcc.a(_lshrdi3.o)
                              drivers/mtd/nand/libnand.o (__aeabi_llsr)
/usr/local/arm/gcc-linaro-arm-linux-gnueabihf-4.7-2013.03-20130313_linux/bin/../lib/gcc/arm-linux-gnueabihf/4.7.3/libgcc.a(_ashrdi3.o)
                              drivers/mtd/nand/libnand.o (__aeabi_lasr)
/usr/local/arm/gcc-linaro-arm-linux-gnueabihf-4.7-2013.03-20130313_linux/bin/../lib/gcc/arm-linux-gnueabihf/4.7.3/libgcc.a(_ashldi3.o)
                              drivers/mmc/libmmc.o (__aeabi_llsl)
/usr/local/arm/gcc-linaro-arm-linux-gnueabihf-4.7-2013.03-20130313_linux/bin/../lib/gcc/arm-linux-gnueabihf/4.7.3/libgcc.a(_dvmd_lnx.o)
                              /usr/local/arm/gcc-linaro-arm-linux-gnueabihf-4.7-2013.03-20130313_linux/bin/../lib/gcc/arm-linux-gnueabihf/4.7.3/libgcc.a(_udivsi3.o) (__aeabi_idiv0)

Memory Configuration

Name             Origin             Length             Attributes
*default*        0x00000000         0xffffffff

Linker script and memory map

                0x00000000                . = 0x0
                0x00000000                . = ALIGN (0x4)

.text           0x80800000    0x26be0
 arch/arm/cpu/armv7/start.o(.text)
 .text          0x80800000      0x440 arch/arm/cpu/armv7/start.o
                0x80800000                _start
                0x80800040                _end_vect
                0x80800040                _TEXT_BASE
                0x80800044                _bss_start_ofs
                0x80800048                _image_copy_end_ofs
                0x8080004c                _bss_end_ofs
                0x80800050                _end_ofs
                0x80800054                IRQ_STACK_START_IN
                0x8080007c                relocate_code
 *(.text)
 .text          0x80800440      0x2f0 arch/arm/cpu/armv7/libarmv7.o
                0x808005a8                invalidate_icache_all
                0x808005c0                __v7_outer_cache_enable
                0x808005c0                v7_outer_cache_enable
                0x808005c4                v7_outer_cache_disable
                0x808005c4                __v7_outer_cache_disable
                0x808005c8                __v7_outer_cache_flush_all
                0x808005c8                v7_outer_cache_flush_all
                0x808005cc                flush_dcache_all
                0x808005e0                v7_outer_cache_inval_all
                0x808005e0                __v7_outer_cache_inval_all
                0x808005e4                invalidate_dcache_all
                0x808005f8                arm_init_before_mmu
                0x80800620                v7_outer_cache_flush_range
                0x80800620                __v7_outer_cache_flush_range
                0x80800624                flush_dcache_range
                0x80800660                flush_cache
                0x80800668                __v7_outer_cache_inval_range
                0x80800668                v7_outer_cache_inval_range
                0x8080066c                invalidate_dcache_range
                0x808006a8                save_boot_params_default
                0x808006ac                cleanup_before_linux
                0x808006cc                sdelay
                0x808006d8                sr32
                0x808006fc                wait_on_value
 .text          0x80800730      0x22c arch/arm/cpu/armv7/omap-common/libomap-common.o
                0x80800730                reset_cpu
                0x8080074c                timer_init
                0x8080078c                __udelay
                0x808007e4                get_timer_masked
                0x80800824                get_timer
                0x80800838                get_ticks
                0x80800848                get_tbclk
                0x808008b4                cancel_out
 .text          0x8080095c      0x50c arch/arm/cpu/armv7/ti81xx/libti81xx.o
                0x8080095c                enable_gpmc_cs_config
                0x808009d4                gpmc_init
                0x80800a4c                get_cpu_rev
                0x80800a60                get_cpu_type
                0x80800a78                get_board_rev
                0x80800a80                get_device_type
                0x80800a98                get_sysboot_value
                0x80800aac                elm_check_error
                0x80800c74                elm_config
                0x80800cb8                elm_reset
                0x80800ce8                elm_init
                0x80800d04                save_boot_params
                0x80800d08                gpio_led_test
                0x80800d4c                lowlevel_init
                0x80800da4                invalidate_dcache
                0x80800e38                l2_cache_enable
                0x80800e4c                l2_cache_disable
 .text          0x80800e68      0x8e0 arch/arm/lib/libarm.o
                0x80800f10                coloured_LED_init
                0x80800f10                __coloured_LED_init
                0x80800f14                __red_led_on
                0x80800f14                red_led_on
                0x80800f18                __red_led_off
                0x80800f18                red_led_off
                0x80800f1c                green_led_on
                0x80800f1c                __green_led_on
                0x80800f20                green_led_off
                0x80800f20                __green_led_off
                0x80800f24                yellow_led_on
                0x80800f24                __yellow_led_on
                0x80800f28                __yellow_led_off
                0x80800f28                yellow_led_off
                0x80800f2c                blue_led_on
                0x80800f2c                __blue_led_on
                0x80800f30                __blue_led_off
                0x80800f30                blue_led_off
                0x80800f34                __dram_init_banksize
                0x80800f50                board_init_r
                0x80801060                hang
                0x80801074                board_init_f
                0x8080117c                arch_lmb_reserve
                0x808011a0                do_bootm_linux
                0x8080134c                __flush_cache
                0x80801350                __flush_dcache_all
                0x8080135c                enable_caches
                0x8080135c                __enable_caches
                0x80801398                __arm_init_before_mmu
                0x80801428                icache_enable
                0x80801440                icache_disable
                0x80801458                icache_status
                0x80801468                dcache_enable
                0x80801490                dcache_disable
                0x808014b4                dcache_status
                0x808014c4                interrupt_init
                0x808014e0                enable_interrupts
                0x808014e4                disable_interrupts
                0x808014ec                bad_mode
                0x808014fc                show_regs
                0x80801638                do_undefined_instruction
                0x80801658                do_software_interrupt
                0x80801678                do_prefetch_abort
                0x80801698                do_data_abort
                0x808016b8                do_not_used
                0x808016d8                do_fiq
                0x808016f8                do_irq
                0x80801718                do_reset
 .text          0x80801748     0xd6f8 common/libcommon.o
                0x80801760                do_bdinfo
                0x8080187c                do_go_exec
                0x80801894                do_go
                0x808019f4                do_bootd
                0x80801a18                do_iminfo
                0x808020b8                arch_preboot_os
                0x808020b8                __arch_preboot_os
                0x808020bc                do_bootm_subcommand
                0x80802300                do_bootm
                0x80802594                bootm_maybe_autostart
                0x8080266c                flush_icache
                0x80802678                do_icache
                0x808026fc                flush_dcache
                0x80802708                do_dcache
                0x8080278c                do_chkbootdev
                0x808027e4                do_coninfo
                0x8080289c                do_echo
                0x80802924                do_exit
                0x80802958                do_ext2load
                0x80802c60                do_ext2ls
                0x80802d8c                do_fat_fsinfo
                0x80802e64                do_fat_ls
                0x80802f6c                do_fat_fsload
                0x808030f0                do_help
                0x80803a6c                i2c_init_board
                0x80803a6c                __def_i2c_init_board
                0x80803a70                __def_i2c_get_bus_speed
                0x80803a70                i2c_get_bus_speed
                0x80803a7c                __def_i2c_set_bus_speed
                0x80803a7c                i2c_set_bus_speed
                0x80803b80                binary_test
                0x80803d4c                do_itest
                0x80803de4                do_led
                0x808042c0                do_load_serial
                0x808043a0                send_pad
                0x808043d0                ktrans
                0x808043f4                chk1
                0x80804420                s1_sendpacket
                0x80804448                send_ack
                0x808044a4                send_nack
                0x80804500                k_data_init
                0x80804520                k_data_save
                0x80804544                k_data_restore
                0x80804568                k_data_char
                0x808045b8                handle_send_packet
                0x80804798                do_load_serial_bin
                0x80804c0c                do_mem_base
                0x80804c4c                do_mem_mtest
                0x80804df0                do_mem_loop
                0x80804ee4                do_mem_md
                0x80804fc0                do_mem_crc
                0x80805068                do_mem_cp
                0x8080513c                do_mem_cmp
                0x808052dc                do_mem_mw
                0x808054ec                do_mem_nm
                0x80805504                do_mem_mm
                0x8080551c                do_sleep
                0x8080559c                do_mmcops
                0x808059d4                do_mmcinfo
                0x80805bc0                do_nandboot
                0x8080605c                do_nand
                0x80806d1c                do_nfs
                0x80806d28                do_dhcp
                0x80806d34                do_tftpb
                0x80806d40                do_bootp
                0x80806d4c                do_ping
                0x808070e8                do_env_save
                0x808071ac                do_env_print
                0x80807230                get_env_id
                0x80807240                _do_env_set
                0x808075f0                do_env_ask
                0x8080774c                do_env_set
                0x80807768                setenv
                0x808079d0                envmatch
                0x80807a38                getenv_f
                0x80807b08                getenv
                0x80807b74                do_env_edit
                0x80807fb8                source
                0x80808100                do_source
                0x80808148                do_false
                0x80808150                do_true
                0x80808158                do_test
                0x808085d0                do_version
                0x80808608                do_imgextract
                0x808088bc                find_cmd_tbl
                0x80808960                find_cmd
                0x80808988                cmd_usage
                0x808089e4                _do_help
                0x80808b68                cmd_get_data_size
                0x80808c58                serial_printf
                0x80808c98                fgetc
                0x80808cc4                ftstc
                0x80808cf0                fputc
                0x80808d18                fputs
                0x80808d40                fprintf
                0x80808d88                getc
                0x80808db8                tstc
                0x80808de8                putc
                0x80808e18                puts
                0x80808e48                printf
                0x80808e88                vprintf
                0x80808ebc                ctrlc
                0x80808f0c                disable_ctrlc
                0x80808f24                had_ctrlc
                0x80808f34                clear_ctrlc
                0x80808f48                dbg
                0x80808f54                search_device
                0x80808f84                console_assign
                0x80808fcc                console_init_f
                0x80808fdc                stdio_print_current_devices
                0x80808fe0                console_init_r
                0x808090b0                sbrk
                0x80809114                mem_malloc_init
                0x80809138                malloc_trim
                0x808091fc                free
                0x80809430                cfree
                0x80809434                malloc
                0x80809a10                calloc
                0x80809ae8                memalign
                0x80809bf4                pvalloc
                0x80809c0c                valloc
                0x80809c18                realloc
                0x8080a0d4                malloc_usable_size
                0x8080a110                mallopt
                0x8080a17c                env_get_addr
                0x8080a19c                env_get_char_memory
                0x8080a1ac                env_get_char
                0x8080a1dc                set_default_env
                0x8080a280                env_import
                0x8080a350                env_relocate
                0x8080a380                env_get_char_spec
                0x8080a38c                env_init
                0x8080a3a8                writeenv
                0x8080a460                saveenv
                0x8080a5a8                readenv
                0x8080a664                env_relocate_spec
                0x8080a6b0                get_version
                0x8080a6b8                jumptable_init
                0x8080a8b4                do_showvar
                0x8080ae4c                simple_itoa
                0x8080aea4                get_local_var
                0x8080b064                set_local_var
                0x8080b224                unset_local_var
                0x8080b2c8                new_pipe
                0x8080b338                reserved_word
                0x8080b60c                mapset
                0x8080b634                update_ifs_map
                0x8080b6a4                parse_string_outer
                0x8080c55c                parse_file_outer
                0x8080c5a0                u_boot_hush_start
                0x8080c620                image_check_hcrc
                0x8080c670                image_check_dcrc
                0x8080c6ac                image_multi_count
                0x8080c6cc                image_multi_getimg
                0x8080c754                getenv_yesno
                0x8080c77c                getenv_bootm_low
                0x8080c7ac                getenv_bootm_size
                0x8080c80c                getenv_bootm_mapsize
                0x8080c83c                memmove_wd
                0x8080c848                genimg_print_size
                0x8080c878                get_table_entry_name
                0x8080c8a4                genimg_get_os_name
                0x8080c8bc                genimg_get_arch_name
                0x8080c8d4                genimg_get_type_name
                0x8080c8ec                genimg_get_comp_name
                0x8080c904                image_print_contents
                0x8080ca7c                get_table_entry_id
                0x8080cacc                genimg_get_os_id
                0x8080cae4                genimg_get_arch_id
                0x8080cafc                genimg_get_type_id
                0x8080cb14                genimg_get_comp_id
                0x8080cb2c                genimg_get_format
                0x8080cb4c                genimg_get_image
                0x8080cb50                genimg_has_config
                0x8080cb58                boot_get_ramdisk
                0x8080cd88                boot_ramdisk_high
                0x8080cf9c                __show_boot_progress
                0x8080cf9c                show_boot_progress
                0x8080cfa0                main_loop
                0x8080d09c                readline_into_buffer
                0x8080d288                readline
                0x8080d29c                parse_line
                0x8080d31c                run_command
                0x8080d6e4                do_run
                0x8080d758                get_ram_size
                0x8080d8b0                miiphy_get_dev_by_name
                0x8080d90c                miiphy_init
                0x8080d928                mdio_alloc
                0x8080d958                miiphy_register
                0x8080da58                mdio_register
                0x8080dadc                mdio_list_devices
                0x8080db78                miiphy_set_current_dev
                0x8080dc0c                mdio_get_current_dev
                0x8080dc1c                mdio_phydev_for_ethname
                0x8080dca8                miiphy_get_current_dev
                0x8080dcc0                miiphy_read
                0x8080dd0c                miiphy_write
                0x8080dd4c                miiphy_listdev
                0x8080ddb8                miiphy_info
                0x8080de44                miiphy_reset
                0x8080def0                miiphy_is_1000base_x
                0x8080df1c                miiphy_duplex
                0x8080e038                miiphy_speed
                0x8080e19c                srec_decode
                0x8080e400                stdio_get_list
                0x8080e40c                stdio_get_by_name
                0x8080e45c                stdio_clone
                0x8080e4a8                stdio_register
                0x8080e4ec                stdio_init
                0x8080e584                CYGACC_COMM_IF_GETC_TIMEOUT
                0x8080e874                CYGACC_COMM_IF_PUTC
                0x8080e87c                parse_num
                0x8080e99c                xyzModem_stream_open
                0x8080eae8                xyzModem_stream_read
                0x8080ed3c                xyzModem_stream_close
                0x8080ed8c                xyzModem_stream_terminate
                0x8080ee20                xyzModem_error
 .text          0x8080ee40      0x90c disk/libdisk.o
                0x8080ee40                get_dev
                0x8080eea0                dev_print
                0x8080f0bc                init_part
                0x8080f0d8                get_partition_info
                0x8080f104                print_part
                0x8080f6a0                test_part_dos
                0x8080f704                print_part_dos
                0x8080f730                get_partition_info_dos
 .text          0x8080f74c      0x834 drivers/i2c/libi2c.o
                0x8080f84c                get_i2c_base
                0x8080f85c                set_i2c_base
                0x8080f86c                i2c_init
                0x8080f9a0                i2c_probe
                0x8080fa8c                i2c_read
                0x8080fcd8                i2c_write
                0x8080fefc                i2c_get_bus_num
                0x8080ff0c                i2c_set_bus_num
 .text          0x8080ff80     0x1ce8 drivers/mmc/libmmc.o
                0x8080ff9c                __board_mmc_getcd
                0x8080ff9c                board_mmc_getcd
                0x8080ffa4                mmc_send_cmd
                0x8080ffb4                mmc_send_status
                0x80810078                mmc_set_blocklen
                0x808100ac                find_mmc_device
                0x808103d8                mmc_read_blocks
                0x80810550                mmc_go_idle
                0x808105a0                sd_send_op_cond
                0x808106f0                mmc_send_op_cond
                0x80810844                mmc_send_ext_csd
                0x80810894                mmc_switch
                0x808108ec                mmc_change_freq
                0x8081099c                mmc_switch_part
                0x808109d8                sd_switch
                0x80810a44                sd_change_freq
                0x80810c24                mmc_set_ios
                0x80810c34                mmc_set_clock
                0x80810c54                mmc_set_bus_width
                0x80810c5c                mmc_startup
                0x8081127c                mmc_send_if_cond
                0x808112f8                mmc_register
                0x80811380                mmc_get_dev
                0x80811394                mmc_init
                0x80811448                cpu_mmc_init
                0x80811450                print_mmc_devices
                0x808114b4                get_mmc_num
                0x808114c4                mmc_initialize
                0x808119b8                mmc_board_init
                0x808119c0                mmc_init_stream
                0x80811bbc                omap_mmc_init
 .text          0x80811c68      0x1d4 drivers/mtd/libmtd.o
                0x80811c68                add_mtd_device
                0x80811cd4                del_mtd_device
                0x80811d28                get_mtd_device
                0x80811da4                get_mtd_device_nm
                0x80811e10                put_mtd_device
 .text          0x80811e3c     0x6814 drivers/mtd/nand/libnand.o
                0x80811e3c                nand_init
                0x80812e58                nand_update_bbt
                0x80813138                nand_scan_bbt
                0x808135ec                nand_default_bbt
                0x808136a0                nand_isbad_bbt
                0x80813790                nand_erase_opts
                0x80813b00                nand_write_skip_bad
                0x80813cf0                nand_read_skip_bad
                0x80813ed8                nand_calculate_ecc
                0x80813fc8                nand_correct_data
                0x8081416c                nand_read_buf
                0x80814210                nand_read_buf16
                0x80815f94                nand_wait_ready
                0x80816b20                nand_erase_nand
                0x80816ef8                nand_scan_ident
                0x80817530                nand_scan_tail
                0x80817aac                nand_scan
                0x80817ad0                nand_release
                0x808182d0                __ti81xx_nand_switch_ecc
                0x808184d8                ti81xx_nand_switch_ecc
                0x80818538                board_nand_init
 .text          0x80818650      0x614 drivers/mtd/spi/libspi_flash.o
                0x808186c4                spi_flash_cmd_read
                0x808186e0                spi_flash_cmd
                0x8081870c                spi_flash_cmd_write
                0x80818728                spi_flash_read_common
                0x80818774                spi_flash_cmd_read_fast
                0x808187b4                spi_flash_cmd_poll_bit
                0x8081887c                spi_flash_cmd_wait_ready
                0x80818888                spi_flash_cmd_write_multi
                0x80818990                spi_flash_cmd_erase
                0x80818a8c                spi_flash_probe
                0x80818b74                spi_flash_free
                0x80818ba4                spi_flash_probe_winbond
 .text          0x80818c64      0xc28 drivers/net/libnet.o
                0x808196e4                cpsw_register
 .text          0x8081988c        0x0 drivers/pcmcia/libpcmcia.o
 .text          0x8081988c        0x0 drivers/rtc/librtc.o
 .text          0x8081988c      0x240 drivers/serial/libserial.o
                0x8081988c                NS16550_init
                0x808198e4                NS16550_reinit
                0x80819934                NS16550_putc
                0x80819948                NS16550_getc
                0x80819960                NS16550_tstc
                0x80819994                serial_init
                0x808199c8                _serial_putc
                0x80819a00                _serial_putc_raw
                0x80819a1c                _serial_puts
                0x80819a44                _serial_getc
                0x80819a60                _serial_tstc
                0x80819a74                _serial_setbrg
                0x80819a9c                serial_putc
                0x80819aa4                serial_putc_raw
                0x80819aac                serial_puts
                0x80819ab4                serial_getc
                0x80819abc                serial_tstc
                0x80819ac4                serial_setbrg
 .text          0x80819acc      0x5a4 drivers/spi/libspi.o
                0x80819acc                spi_init
                0x80819ad0                spi_setup_slave
                0x80819bf4                spi_free_slave
                0x80819bf8                spi_claim_bus
                0x80819d00                spi_release_bus
                0x80819d38                omap3_spi_write
                0x80819e68                omap3_spi_read
                0x80819f8c                spi_xfer
                0x8081a060                spi_cs_is_valid
                0x8081a068                spi_cs_activate
                0x8081a06c                spi_cs_deactivate
 .text          0x8081a070      0xfb8 fs/ext2/libext2fs.o
                0x8081a170                ext2fs_free_node
                0x8081a194                ext2fs_read_file
                0x8081a890                ext2fs_find_file1
                0x8081ab08                ext2fs_find_file
                0x8081ab7c                ext2fs_ls
                0x8081abf4                ext2fs_open
                0x8081ac88                ext2fs_close
                0x8081ad3c                ext2fs_read
                0x8081ad74                ext2fs_mount
                0x8081ae3c                ext2fs_set_blk_dev
                0x8081ae90                ext2fs_devread
 .text          0x8081b028     0x16b4 fs/fat/libfat.o
                0x8081b6f4                fat_register_device
                0x8081b804                do_fat_read
                0x8081c1e0                file_fat_detectfs
                0x8081c338                file_fat_ls
                0x8081c348                file_fat_read
                0x8081c380                file_getfsname
                0x8081c398                file_cd
                0x8081c588                file_detectfs
                0x8081c5c4                file_ls
                0x8081c648                file_read
 .text          0x8081c6dc     0x2d80 lib/libgeneric.o
                0x8081c6dc                crc7
                0x8081c704                cyg_crc16
                0x8081c74c                crc32_no_comp
                0x8081c82c                crc32
                0x8081c840                crc32_wd
                0x8081c844                display_options
                0x8081c864                print_size
                0x8081c99c                print_buffer
                0x8081cb18                zfree
                0x8081cb20                zalloc
                0x8081cb30                zunzip
                0x8081cc3c                gunzip
                0x8081ccfc                hcreate_r
                0x8081cdb0                hdestroy_r
                0x8081ce28                hstrstr_r
                0x8081ced4                hmatch_r
                0x8081cf74                hsearch_r
                0x8081d264                hdelete_r
                0x8081d2ec                hexport_r
                0x8081d50c                himport_r
                0x8081d928                lmb_dump_all
                0x8081d92c                lmb_init
                0x8081d954                lmb_add
                0x8081d958                lmb_free
                0x8081da64                lmb_reserve
                0x8081da6c                lmb_overlaps_region
                0x8081dacc                __lmb_alloc_base
                0x8081dbdc                lmb_alloc_base
                0x8081dc10                lmb_alloc
                0x8081dc18                lmb_is_reserved
                0x8081dc68                board_lmb_reserve
                0x8081dc68                __board_lmb_reserve
                0x8081dc6c                __arch_lmb_reserve
                0x8081dc70                ldiv
                0x8081dcc0                string_to_ip
                0x8081dd34                qsort
                0x8081de14                strcmp_compar
                0x8081de20                strmhz
                0x8081de8c                __div64_32
                0x8081df68                strcpy
                0x8081df84                strncpy
                0x8081dfa8                strcat
                0x8081dfd8                strncat
                0x8081e02c                strcmp
                0x8081e05c                strncmp
                0x8081e0a0                strchr
                0x8081e0d4                strlen
                0x8081e0f4                strrchr
                0x8081e130                strnlen
                0x8081e160                strdup
                0x8081e198                strspn
                0x8081e1e0                strpbrk
                0x8081e21c                strtok
                0x8081e2a0                strsep
                0x8081e2d4                strswab
                0x8081e320                memset
                0x8081e38c                bcopy
                0x8081e3b0                memcpy
                0x8081e418                memmove
                0x8081e478                memcmp
                0x8081e4ac                memscan
                0x8081e4d0                strstr
                0x8081e534                memchr
                0x8081e564                udelay
                0x8081ead4                simple_strtoul
                0x8081eb94                strict_strtoul
                0x8081ec0c                simple_strtol
                0x8081ec34                ustrtoul
                0x8081eca4                simple_strtoull
                0x8081ed90                vsprintf
                0x8081f3e0                sprintf
                0x8081f404                panic
                0x8081f448                __assert_fail
 .text          0x8081f45c     0x26ec lib/zlib/libz.o
                0x8081f45c                zcfree
                0x8081f464                zcalloc
                0x8081f46c                inflate_fast
                0x8081f9fc                inflate_table
                0x8081ffb8                inflateReset
                0x80820034                inflateInit2_
                0x8082013c                inflateInit_
                0x80820150                inflateEnd
                0x808201b4                adler32
                0x80820500                inflate
 .text          0x80821b48     0x3b54 net/libnet.o
                0x808222ac                BootpRequest
                0x808224e0                DhcpRequest
                0x808224e4                cpu_eth_init
                0x8082254c                eth_parse_enetaddr
                0x808225a0                eth_getenv_enetaddr
                0x808225fc                eth_setenv_enetaddr
                0x80822630                eth_getenv_enetaddr_by_index
                0x80822680                eth_get_dev
                0x80822690                eth_get_dev_by_name
                0x80822718                eth_get_dev_by_index
                0x80822754                eth_get_dev_index
                0x80822798                eth_write_hwaddr
                0x808228f0                eth_register
                0x8082294c                eth_initialize
                0x80822ae4                eth_halt
                0x80822b14                eth_send
                0x80822b4c                eth_rx
                0x80822b78                eth_try_another
                0x80822bf8                eth_init
                0x80822cc8                eth_set_current
                0x80822d5c                eth_get_name
                0x80822de4                NetStartAgain
                0x80822f08                NetSetHandler
                0x80822f18                NetSetTimeout
                0x80822f48                NetSendPacket
                0x80822f4c                NetCksum
                0x80822f88                NetCksumOk
                0x80822fac                NetEthHdrSize
                0x80822fec                NetSetEther
                0x80823098                NetReceive
                0x808235b4                ArpRequest
                0x808236ac                ArpTimeoutCheck
                0x80823720                PingSend
                0x80823868                NetSetIP
                0x80823960                NetSendUDPPacket
                0x80823a9c                copy_filename
                0x80823ae8                random_port
                0x80823b04                ip_to_string
                0x80823b54                VLAN_to_string
                0x80823ba8                string_to_VLAN
                0x80823c04                getenv_VLAN
                0x80823c14                NetLoop
                0x80824c6c                NfsStart
                0x808253b4                TftpStart
 .text          0x8082569c      0xfa0 board/myir/myd_am335x/libmyd_am335x.o
                0x80825940                dram_init
                0x80825950                dram_init_banksize
                0x8082596c                s_init
                0x80825a90                board_evm_init
                0x80825ad0                lcd_type
                0x80825b0c                lcd_identify
                0x80825cd4                board_init
                0x80825d3c                misc_init_r
                0x80825d4c                board_late_init
                0x80825d94                board_eth_init
                0x80825ed0                board_mmc_init
                0x80825ee4                mpu_pll_config
                0x80825f4c                enable_ddr_clocks
                0x80825f80                pll_init
                0x80826300                configure_evm_pin_mux
                0x80826374                enable_i2c0_pin_mux
                0x80826380                enable_uart0_pin_mux
                0x8082638c                enable_backlight_pin_mux
                0x80826398                enable_wdt_pin_mux
                0x808263a4                enable_e2pwp_pin_mux
                0x808263b0                tps65217_reg_read
                0x808263d4                tps65217_reg_write
                0x808264d0                tps65217_voltage_update
                0x80826528                cal_checksum
                0x80826550                check_header
                0x808265a8                get_header_subtype
                0x808265b4                make_header
                0x808265d0                get_header
 .text          0x8082663c       0x20 /home/topeet/AM3352/Bootloader/u-boot/arch/arm/lib/eabi_compat.o
                0x8082663c                raise
                0x80826658                __aeabi_unwind_cpp_pr0
 *fill*         0x8082665c        0x4 
 .text          0x80826660      0x278 /usr/local/arm/gcc-linaro-arm-linux-gnueabihf-4.7-2013.03-20130313_linux/bin/../lib/gcc/arm-linux-gnueabihf/4.7.3/libgcc.a(_udivsi3.o)
                0x80826660                __udivsi3
                0x80826660                __aeabi_uidiv
                0x808268bc                __aeabi_uidivmod
 .text          0x808268d8      0x2b0 /usr/local/arm/gcc-linaro-arm-linux-gnueabihf-4.7-2013.03-20130313_linux/bin/../lib/gcc/arm-linux-gnueabihf/4.7.3/libgcc.a(_divsi3.o)
                0x808268d8                __aeabi_idiv
                0x808268d8                __divsi3
                0x80826b6c                __aeabi_idivmod
 .text          0x80826b88       0x18 /usr/local/arm/gcc-linaro-arm-linux-gnueabihf-4.7-2013.03-20130313_linux/bin/../lib/gcc/arm-linux-gnueabihf/4.7.3/libgcc.a(_lshrdi3.o)
                0x80826b88                __aeabi_llsr
                0x80826b88                __lshrdi3
 .text          0x80826ba0       0x1c /usr/local/arm/gcc-linaro-arm-linux-gnueabihf-4.7-2013.03-20130313_linux/bin/../lib/gcc/arm-linux-gnueabihf/4.7.3/libgcc.a(_ashrdi3.o)
                0x80826ba0                __ashrdi3
                0x80826ba0                __aeabi_lasr
 .text          0x80826bbc       0x18 /usr/local/arm/gcc-linaro-arm-linux-gnueabihf-4.7-2013.03-20130313_linux/bin/../lib/gcc/arm-linux-gnueabihf/4.7.3/libgcc.a(_ashldi3.o)
                0x80826bbc                __ashldi3
                0x80826bbc                __aeabi_llsl
 .text          0x80826bd4        0xc /usr/local/arm/gcc-linaro-arm-linux-gnueabihf-4.7-2013.03-20130313_linux/bin/../lib/gcc/arm-linux-gnueabihf/4.7.3/libgcc.a(_dvmd_lnx.o)
                0x80826bd4                __aeabi_ldiv0
                0x80826bd4                __aeabi_idiv0

.glue_7         0x80826be0        0x0
 .glue_7        0x00000000        0x0 linker stubs

.glue_7t        0x80826be0        0x0
 .glue_7t       0x00000000        0x0 linker stubs

.vfp11_veneer   0x80826be0        0x0
 .vfp11_veneer  0x00000000        0x0 linker stubs

.v4_bx          0x80826be0        0x0
 .v4_bx         0x00000000        0x0 linker stubs

.iplt           0x80826be0        0x0
 .iplt          0x00000000        0x0 arch/arm/cpu/armv7/start.o
                0x80826be0                . = ALIGN (0x4)

.rodata         0x80826be0     0x9ce3
 *(SORT(.rodata*))
 .rodata        0x80826be0       0x1c arch/arm/cpu/armv7/ti81xx/libti81xx.o
 .rodata        0x80826bfc       0x80 arch/arm/lib/libarm.o
 .rodata        0x80826c7c      0xfd4 common/libcommon.o
                0x80826d88                version_string
                0x80826dc6                default_environment
 .rodata        0x80827c50       0x10 disk/libdisk.o
 .rodata        0x80827c60       0xa5 drivers/mmc/libmmc.o
 *fill*         0x80827d05        0x3 
 .rodata        0x80827d08      0x625 drivers/mtd/nand/libnand.o
                0x80827d10                nand_manuf_ids
                0x80827d60                nand_flash_ids
 *fill*         0x8082832d        0x3 
 .rodata        0x80828330       0x80 drivers/mtd/spi/libspi_flash.o
 .rodata        0x808283b0       0x10 drivers/serial/libserial.o
 .rodata        0x808283c0       0x18 fs/fat/libfat.o
 .rodata        0x808283d8      0x827 lib/libgeneric.o
                0x808283d8                crc7_syndrome_table
                0x80828ade                _ctype
                0x80828bee                hex_asc
 *fill*         0x80828bff        0x1 
 .rodata        0x80828c00      0x9cc lib/zlib/libz.o
                0x808295a4                z_errmsg
 .rodata        0x808295cc       0x14 board/myir/myd_am335x/libmyd_am335x.o
 .rodata        0x808295e0       0x16 arch/arm/cpu/armv7/libarmv7.o
 .rodata        0x808295f6        0xf fs/ext2/libext2fs.o
 .rodata        0x80829605       0x22 net/libnet.o
 .rodata.str1.1
                0x80829627       0x65 arch/arm/cpu/armv7/libarmv7.o
 .rodata.str1.1
                0x8082968c      0x352 arch/arm/lib/libarm.o
                                0x376 (size before relaxing)
 .rodata.str1.1
                0x808299de     0x48b5 common/libcommon.o
                               0x4ec2 (size before relaxing)
 .rodata.str1.1
                0x8082e293      0x2ba disk/libdisk.o
                                0x2db (size before relaxing)
 .rodata.str1.1
                0x8082e54d      0x274 drivers/mmc/libmmc.o
                                0x280 (size before relaxing)
 .rodata.str1.1
                0x8082e7c1       0x50 drivers/mtd/libmtd.o
 .rodata.str1.1
                0x8082e811      0xc4f drivers/mtd/nand/libnand.o
                                0xc89 (size before relaxing)
 .rodata.str1.1
                0x8082f460       0xa1 drivers/mtd/spi/libspi_flash.o
                                 0xa3 (size before relaxing)
 .rodata.str1.1
                0x8082f501       0x6b drivers/net/libnet.o
 .rodata.str1.1
                0x8082f56c      0x145 drivers/spi/libspi.o
 .rodata.str1.1
                0x8082f6b1      0x266 fs/ext2/libext2fs.o
 .rodata.str1.1
                0x8082f917      0x195 fs/fat/libfat.o
                                0x1ca (size before relaxing)
 .rodata.str1.1
                0x8082faac      0x14d lib/libgeneric.o
                                0x15f (size before relaxing)
 .rodata.str1.1
                0x8082fbf9      0x21c lib/zlib/libz.o
                                0x21d (size before relaxing)
 .rodata.str1.1
                0x8082fe15      0x72e net/libnet.o
                                0x8f2 (size before relaxing)
 .rodata.str1.1
                0x80830543      0x365 board/myir/myd_am335x/libmyd_am335x.o
                                0x37d (size before relaxing)
 .rodata.str1.1
                0x808308a8       0x1b /home/topeet/AM3352/Bootloader/u-boot/arch/arm/lib/eabi_compat.o

.hash           0x808308c4       0x44
 .hash          0x808308c4       0x44 arch/arm/cpu/armv7/start.o
                0x80830908                . = ALIGN (0x4)

.data           0x80830908     0x2060
 *(.data)
 .data          0x80830908        0x0 arch/arm/cpu/armv7/start.o
 .data          0x80830908        0x0 arch/arm/cpu/armv7/libarmv7.o
 .data          0x80830908        0x0 arch/arm/cpu/armv7/omap-common/libomap-common.o
 .data          0x80830908        0x0 arch/arm/cpu/armv7/ti81xx/libti81xx.o
 .data          0x80830908       0x24 arch/arm/lib/libarm.o
                0x80830908                init_sequence
 .data          0x8083092c      0x760 common/libcommon.o
                0x80830be0                load_addr
                0x80830ff8                env_name_spec
                0x80831080                stdio_names
 .data          0x8083108c        0x0 disk/libdisk.o
 .data          0x8083108c        0x4 drivers/i2c/libi2c.o
 .data          0x80831090        0x4 drivers/mmc/libmmc.o
 .data          0x80831094        0x0 drivers/mtd/libmtd.o
 .data          0x80831094     0x1354 drivers/mtd/nand/libnand.o
                0x80831094                nand_curr_device
 .data          0x808323e8        0x0 drivers/mtd/spi/libspi_flash.o
 .data          0x808323e8        0x0 drivers/net/libnet.o
 .data          0x808323e8        0x0 drivers/pcmcia/libpcmcia.o
 .data          0x808323e8        0x0 drivers/rtc/librtc.o
 .data          0x808323e8        0x0 drivers/serial/libserial.o
 .data          0x808323e8        0x0 drivers/spi/libspi.o
 .data          0x808323e8        0x8 fs/ext2/libext2fs.o
                0x808323e8                indir1_blkno
                0x808323ec                indir2_blkno
 .data          0x808323f0      0x208 fs/fat/libfat.o
                0x808323f4                file_cwd
 .data          0x808325f8        0x0 lib/libgeneric.o
 .data          0x808325f8        0x0 lib/zlib/libz.o
 .data          0x808325f8       0x28 net/libnet.o
                0x808325f8                NetOurVLAN
                0x808325fa                NetOurNativeVLAN
                0x808325fc                NetBcastAddr
                0x80832618                TftpRRQTimeoutCountMax
                0x8083261c                TftpRRQTimeoutMSecs
 .data          0x80832620      0x348 board/myir/myd_am335x/libmyd_am335x.o
 .data          0x80832968        0x0 /home/topeet/AM3352/Bootloader/u-boot/arch/arm/lib/eabi_compat.o
 .data          0x80832968        0x0 /usr/local/arm/gcc-linaro-arm-linux-gnueabihf-4.7-2013.03-20130313_linux/bin/../lib/gcc/arm-linux-gnueabihf/4.7.3/libgcc.a(_udivsi3.o)
 .data          0x80832968        0x0 /usr/local/arm/gcc-linaro-arm-linux-gnueabihf-4.7-2013.03-20130313_linux/bin/../lib/gcc/arm-linux-gnueabihf/4.7.3/libgcc.a(_divsi3.o)
 .data          0x80832968        0x0 /usr/local/arm/gcc-linaro-arm-linux-gnueabihf-4.7-2013.03-20130313_linux/bin/../lib/gcc/arm-linux-gnueabihf/4.7.3/libgcc.a(_lshrdi3.o)
 .data          0x80832968        0x0 /usr/local/arm/gcc-linaro-arm-linux-gnueabihf-4.7-2013.03-20130313_linux/bin/../lib/gcc/arm-linux-gnueabihf/4.7.3/libgcc.a(_ashrdi3.o)
 .data          0x80832968        0x0 /usr/local/arm/gcc-linaro-arm-linux-gnueabihf-4.7-2013.03-20130313_linux/bin/../lib/gcc/arm-linux-gnueabihf/4.7.3/libgcc.a(_ashldi3.o)
 .data          0x80832968        0x0 /usr/local/arm/gcc-linaro-arm-linux-gnueabihf-4.7-2013.03-20130313_linux/bin/../lib/gcc/arm-linux-gnueabihf/4.7.3/libgcc.a(_dvmd_lnx.o)

.got            0x80832968        0x0
 .got           0x00000000        0x0 arch/arm/cpu/armv7/start.o

.got.plt        0x80832968        0xc
 .got.plt       0x80832968        0xc arch/arm/cpu/armv7/start.o
                0x80832968                _GLOBAL_OFFSET_TABLE_

.igot.plt       0x80832974        0x0
 .igot.plt      0x00000000        0x0 arch/arm/cpu/armv7/start.o
                0x80832974                . = ALIGN (0x4)
                0x80832974                . = .
                0x80832974                __u_boot_cmd_start = .

.u_boot_cmd     0x80832974      0x5d0
 *(.u_boot_cmd)
 .u_boot_cmd    0x80832974      0x5b8 common/libcommon.o
                0x80832974                __u_boot_cmd_bdinfo
                0x8083298c                __u_boot_cmd_reset
                0x808329a4                __u_boot_cmd_go
                0x808329bc                __u_boot_cmd_iminfo
                0x808329d4                __u_boot_cmd_bootd
                0x808329ec                __u_boot_cmd_boot
                0x80832a04                __u_boot_cmd_bootm
                0x80832a1c                __u_boot_cmd_dcache
                0x80832a34                __u_boot_cmd_icache
                0x80832a4c                __u_boot_cmd_chkbootdev
                0x80832a64                __u_boot_cmd_coninfo
                0x80832a7c                __u_boot_cmd_echo
                0x80832a94                __u_boot_cmd_exit
                0x80832aac                __u_boot_cmd_ext2load
                0x80832ac4                __u_boot_cmd_ext2ls
                0x80832adc                __u_boot_cmd_fatinfo
                0x80832af4                __u_boot_cmd_fatls
                0x80832b0c                __u_boot_cmd_fatload
                0x80832b24                __u_boot_cmd_question_mark
                0x80832b3c                __u_boot_cmd_help
                0x80832b54                __u_boot_cmd_i2c
                0x80832b6c                __u_boot_cmd_itest
                0x80832b84                __u_boot_cmd_led
                0x80832b9c                __u_boot_cmd_loady
                0x80832bb4                __u_boot_cmd_loadb
                0x80832bcc                __u_boot_cmd_loads
                0x80832be4                __u_boot_cmd_mtest
                0x80832bfc                __u_boot_cmd_loop
                0x80832c14                __u_boot_cmd_base
                0x80832c2c                __u_boot_cmd_crc32
                0x80832c44                __u_boot_cmd_cmp
                0x80832c5c                __u_boot_cmd_cp
                0x80832c74                __u_boot_cmd_mw
                0x80832c8c                __u_boot_cmd_nm
                0x80832ca4                __u_boot_cmd_mm
                0x80832cbc                __u_boot_cmd_md
                0x80832cd4                __u_boot_cmd_sleep
                0x80832cec                __u_boot_cmd_mmc
                0x80832d04                __u_boot_cmd_mmcinfo
                0x80832d1c                __u_boot_cmd_nboot
                0x80832d34                __u_boot_cmd_nand
                0x80832d4c                __u_boot_cmd_ping
                0x80832d64                __u_boot_cmd_nfs
                0x80832d7c                __u_boot_cmd_dhcp
                0x80832d94                __u_boot_cmd_tftpboot
                0x80832dac                __u_boot_cmd_bootp
                0x80832dc4                __u_boot_cmd_run
                0x80832ddc                __u_boot_cmd_askenv
                0x80832df4                __u_boot_cmd_setenv
                0x80832e0c                __u_boot_cmd_printenv
                0x80832e24                __u_boot_cmd_editenv
                0x80832e3c                __u_boot_cmd_env
                0x80832e54                __u_boot_cmd_saveenv
                0x80832e6c                __u_boot_cmd_sf
                0x80832e84                __u_boot_cmd_source
                0x80832e9c                __u_boot_cmd_true
                0x80832eb4                __u_boot_cmd_false
                0x80832ecc                __u_boot_cmd_test
                0x80832ee4                __u_boot_cmd_version
                0x80832efc                __u_boot_cmd_imxtract
                0x80832f14                __u_boot_cmd_showvar
 .u_boot_cmd    0x80832f2c       0x18 board/myir/myd_am335x/libmyd_am335x.o
                0x80832f2c                __u_boot_cmd_nandecc
                0x80832f44                __u_boot_cmd_end = .
                0x80832f44                . = ALIGN (0x4)
                0x80832f44                __image_copy_end = .

.rel.dyn        0x80832f44     0x54d8
                0x80832f44                __rel_dyn_start = .
 *(.rel*)
 .rel.got       0x00000000        0x0 arch/arm/cpu/armv7/start.o
 .rel.plt       0x00000000        0x0 arch/arm/cpu/armv7/start.o
 .rel.iplt      0x00000000        0x0 arch/arm/cpu/armv7/start.o
 .rel.text      0x80832f44     0x3880 arch/arm/cpu/armv7/start.o
 .rel.rodata    0x808367c4      0x758 arch/arm/cpu/armv7/start.o
 .rel.data      0x80836f1c      0xd50 arch/arm/cpu/armv7/start.o
 .rel.u_boot_cmd
                0x80837c6c      0x7b0 arch/arm/cpu/armv7/start.o
                0x8083841c                __rel_dyn_end = .

.dynsym         0x8083841c       0xc0
                0x8083841c                __dynsym_start = .
 *(.dynsym)
 .dynsym        0x8083841c       0xc0 arch/arm/cpu/armv7/start.o
                0x808384dc                _end = .

.bss            0x80832f44    0x34140
                0x80832f44                __bss_start = .
 *(.bss)
 .bss           0x80832f44        0x0 arch/arm/cpu/armv7/start.o
 .bss           0x80832f44        0x0 arch/arm/cpu/armv7/libarmv7.o
 .bss           0x80832f44        0x0 arch/arm/cpu/armv7/omap-common/libomap-common.o
 .bss           0x80832f44        0x8 arch/arm/cpu/armv7/ti81xx/libti81xx.o
                0x80832f44                gpmc_cfg
                0x80832f48                elm_cfg
 .bss           0x80832f4c        0x8 arch/arm/lib/libarm.o
                0x80832f4c                monitor_flash_len
 *fill*         0x80832f54        0x4 
 .bss           0x80832f58      0xc0c common/libcommon.o
                0x808330a8                his_pad_count
                0x808330ac                his_pad_char
                0x808330c5                his_eol
                0x808330cc                os_data_init
                0x808330dc                os_data_char
                0x808330e0                his_quote
                0x808330e4                send_ptr
                0x808330e8                send_parms
                0x80833124                mem_malloc_brk
                0x80833128                mem_malloc_start
                0x8083312c                mem_malloc_end
                0x80833168                env_htab
                0x80833174                env_ptr
                0x808333c4                last_return_code
                0x808334cc                nesting_level
                0x808334d0                console_buffer
                0x8083371c                stdio_devices
 .bss           0x80833b64        0x0 disk/libdisk.o
 .bss           0x80833b64       0x10 drivers/i2c/libi2c.o
 *fill*         0x80833b74        0x4 
 .bss           0x80833b78      0x248 drivers/mmc/libmmc.o
 .bss           0x80833dc0       0x80 drivers/mtd/libmtd.o
                0x80833dc0                mtd_table
 .bss           0x80833e40      0x1d9 drivers/mtd/nand/libnand.o
                0x80833e40                nand_info
 .bss           0x80834019        0x0 drivers/mtd/spi/libspi_flash.o
 *fill*         0x80834019        0x3 
 .bss           0x8083401c        0x4 drivers/net/libnet.o
 .bss           0x80834020        0x0 drivers/pcmcia/libpcmcia.o
 .bss           0x80834020        0x0 drivers/rtc/librtc.o
 .bss           0x80834020        0x0 drivers/serial/libserial.o
 .bss           0x80834020        0x0 drivers/spi/libspi.o
 .bss           0x80834020       0x70 fs/ext2/libext2fs.o
                0x80834024                ext2fs_root
                0x80834028                indir1_block
                0x8083402c                indir1_size
                0x80834030                indir2_block
                0x80834034                indir2_size
                0x80834038                symlinknest
                0x8083403c                ext2fs_file
 .bss           0x80834090    0x30008 fs/fat/libfat.o
                0x80834098                get_vfatname_block
                0x80844098                do_fat_read_block
                0x80854098                get_dentfromdir_block
 .bss           0x80864098        0x8 lib/libgeneric.o
                0x80864098                errno
                0x8086409c                ___strtok
 .bss           0x808640a0        0x0 lib/zlib/libz.o
 .bss           0x808640a0     0x2f70 net/libnet.o
                0x808640a0                dhcp_leasetime
                0x808640a4                NetDHCPServerIP
                0x808640a8                BootpID
                0x808640ac                dhcp_state
                0x808640b0                BootpTry
                0x808640c8                NetState
                0x808640cc                NetPingIP
                0x808640d8                NetRestartWrap
                0x808640f0                NetOurEther
                0x808640f8                NetRxPacket
                0x808640fc                NetRxPacketLen
                0x80864100                NetOurIP
                0x80864104                NetArpWaitPacketIP
                0x80864108                NetArpWaitPacketMAC
                0x8086410c                NetArpWaitReplyIP
                0x80864110                NetArpWaitTxPacket
                0x80864114                NetArpWaitTxPacketSize
                0x80864118                NetTxPacket
                0x8086411c                NetOurSubnetMask
                0x80864120                NetOurGatewayIP
                0x80864124                NetArpWaitTimerStart
                0x80864128                NetArpWaitTry
                0x80864132                NetEtherNullAddr
                0x80864138                NetIPID
                0x8086413e                PktBuf
                0x80865f60                NetRxPackets
                0x80865f70                NetArpWaitPacketBuf
                0x80866594                NetServerIP
                0x80866598                NetBootFileXferSize
                0x8086659c                BootFile
                0x8086661c                NetServerEther
                0x80866622                NetBootFileSize
                0x80866624                NetOurRootPath
                0x80866664                NetOurHostName
                0x80866684                NetOurNISDomain
                0x808666a4                NetOurDNS2IP
                0x808666a8                NetOurDNSIP
 .bss           0x80867010       0x74 board/myir/myd_am335x/libmyd_am335x.o
 .bss           0x80867084        0x0 /home/topeet/AM3352/Bootloader/u-boot/arch/arm/lib/eabi_compat.o
 .bss           0x80867084        0x0 /usr/local/arm/gcc-linaro-arm-linux-gnueabihf-4.7-2013.03-20130313_linux/bin/../lib/gcc/arm-linux-gnueabihf/4.7.3/libgcc.a(_udivsi3.o)
 .bss           0x80867084        0x0 /usr/local/arm/gcc-linaro-arm-linux-gnueabihf-4.7-2013.03-20130313_linux/bin/../lib/gcc/arm-linux-gnueabihf/4.7.3/libgcc.a(_divsi3.o)
 .bss           0x80867084        0x0 /usr/local/arm/gcc-linaro-arm-linux-gnueabihf-4.7-2013.03-20130313_linux/bin/../lib/gcc/arm-linux-gnueabihf/4.7.3/libgcc.a(_lshrdi3.o)
 .bss           0x80867084        0x0 /usr/local/arm/gcc-linaro-arm-linux-gnueabihf-4.7-2013.03-20130313_linux/bin/../lib/gcc/arm-linux-gnueabihf/4.7.3/libgcc.a(_ashrdi3.o)
 .bss           0x80867084        0x0 /usr/local/arm/gcc-linaro-arm-linux-gnueabihf-4.7-2013.03-20130313_linux/bin/../lib/gcc/arm-linux-gnueabihf/4.7.3/libgcc.a(_ashldi3.o)
 .bss           0x80867084        0x0 /usr/local/arm/gcc-linaro-arm-linux-gnueabihf-4.7-2013.03-20130313_linux/bin/../lib/gcc/arm-linux-gnueabihf/4.7.3/libgcc.a(_dvmd_lnx.o)
                0x80867084                . = ALIGN (0x4)
                0x80867084                __bss_end__ = .

.dynbss         0x808384dc        0x0 load address 0x80867084
 .dynbss        0x00000000        0x0 arch/arm/cpu/armv7/start.o

/DISCARD/
 *(.dynstr*)
 *(.dynamic*)
 *(.plt*)
 *(.interp*)
 *(.gnu*)
Address of section .text set to 0x80800000
LOAD arch/arm/cpu/armv7/start.o
START GROUP
LOAD api/libapi.o
LOAD arch/arm/cpu/armv7/libarmv7.o
LOAD arch/arm/cpu/armv7/omap-common/libomap-common.o
LOAD arch/arm/cpu/armv7/ti81xx/libti81xx.o
LOAD arch/arm/lib/libarm.o
LOAD common/libcommon.o
LOAD disk/libdisk.o
LOAD drivers/bios_emulator/libatibiosemu.o
LOAD drivers/block/libblock.o
LOAD drivers/dma/libdma.o
LOAD drivers/fpga/libfpga.o
LOAD drivers/gpio/libgpio.o
LOAD drivers/hwmon/libhwmon.o
LOAD drivers/i2c/libi2c.o
LOAD drivers/input/libinput.o
LOAD drivers/misc/libmisc.o
LOAD drivers/mmc/libmmc.o
LOAD drivers/mtd/libmtd.o
LOAD drivers/mtd/nand/libnand.o
LOAD drivers/mtd/onenand/libonenand.o
LOAD drivers/mtd/spi/libspi_flash.o
LOAD drivers/mtd/ubi/libubi.o
LOAD drivers/net/libnet.o
LOAD drivers/net/phy/libphy.o
LOAD drivers/pci/libpci.o
LOAD drivers/pcmcia/libpcmcia.o
LOAD drivers/power/libpower.o
LOAD drivers/rtc/librtc.o
LOAD drivers/serial/libserial.o
LOAD drivers/spi/libspi.o
LOAD drivers/twserial/libtws.o
LOAD drivers/usb/eth/libusb_eth.o
LOAD drivers/usb/gadget/libusb_gadget.o
LOAD drivers/usb/host/libusb_host.o
LOAD drivers/usb/musb/libusb_musb.o
LOAD drivers/usb/phy/libusb_phy.o
LOAD drivers/video/libvideo.o
LOAD drivers/watchdog/libwatchdog.o
LOAD fs/cramfs/libcramfs.o
LOAD fs/ext2/libext2fs.o
LOAD fs/fat/libfat.o
LOAD fs/fdos/libfdos.o
LOAD fs/jffs2/libjffs2.o
LOAD fs/reiserfs/libreiserfs.o
LOAD fs/ubifs/libubifs.o
LOAD fs/yaffs2/libyaffs2.o
LOAD lib/libfdt/libfdt.o
LOAD lib/libgeneric.o
LOAD lib/lzma/liblzma.o
LOAD lib/lzo/liblzo.o
LOAD lib/zlib/libz.o
LOAD net/libnet.o
LOAD post/libpost.o
LOAD board/myir/myd_am335x/libmyd_am335x.o
END GROUP
LOAD /home/topeet/AM3352/Bootloader/u-boot/arch/arm/lib/eabi_compat.o
LOAD /usr/local/arm/gcc-linaro-arm-linux-gnueabihf-4.7-2013.03-20130313_linux/bin/../lib/gcc/arm-linux-gnueabihf/4.7.3/libgcc.a
OUTPUT(u-boot elf32-littlearm)

.ARM.attributes
                0x00000000       0x2b
 .ARM.attributes
                0x00000000       0x19 arch/arm/cpu/armv7/start.o
 .ARM.attributes
                0x00000019       0x29 arch/arm/cpu/armv7/libarmv7.o
 .ARM.attributes
                0x00000042       0x27 arch/arm/cpu/armv7/omap-common/libomap-common.o
 .ARM.attributes
                0x00000069       0x29 arch/arm/cpu/armv7/ti81xx/libti81xx.o
 .ARM.attributes
                0x00000092       0x29 arch/arm/lib/libarm.o
 .ARM.attributes
                0x000000bb       0x29 common/libcommon.o
 .ARM.attributes
                0x000000e4       0x29 disk/libdisk.o
 .ARM.attributes
                0x0000010d       0x29 drivers/i2c/libi2c.o
 .ARM.attributes
                0x00000136       0x29 drivers/mmc/libmmc.o
 .ARM.attributes
                0x0000015f       0x29 drivers/mtd/libmtd.o
 .ARM.attributes
                0x00000188       0x29 drivers/mtd/nand/libnand.o
 .ARM.attributes
                0x000001b1       0x27 drivers/mtd/spi/libspi_flash.o
 .ARM.attributes
                0x000001d8       0x29 drivers/net/libnet.o
 .ARM.attributes
                0x00000201       0x27 drivers/pcmcia/libpcmcia.o
 .ARM.attributes
                0x00000228       0x27 drivers/rtc/librtc.o
 .ARM.attributes
                0x0000024f       0x29 drivers/serial/libserial.o
 .ARM.attributes
                0x00000278       0x29 drivers/spi/libspi.o
 .ARM.attributes
                0x000002a1       0x29 fs/ext2/libext2fs.o
 .ARM.attributes
                0x000002ca       0x29 fs/fat/libfat.o
 .ARM.attributes
                0x000002f3       0x29 lib/libgeneric.o
 .ARM.attributes
                0x0000031c       0x29 lib/zlib/libz.o
 .ARM.attributes
                0x00000345       0x29 net/libnet.o
 .ARM.attributes
                0x0000036e       0x29 board/myir/myd_am335x/libmyd_am335x.o
 .ARM.attributes
                0x00000397       0x29 /home/topeet/AM3352/Bootloader/u-boot/arch/arm/lib/eabi_compat.o
 .ARM.attributes
                0x000003c0       0x21 /usr/local/arm/gcc-linaro-arm-linux-gnueabihf-4.7-2013.03-20130313_linux/bin/../lib/gcc/arm-linux-gnueabihf/4.7.3/libgcc.a(_udivsi3.o)
 .ARM.attributes
                0x000003e1       0x21 /usr/local/arm/gcc-linaro-arm-linux-gnueabihf-4.7-2013.03-20130313_linux/bin/../lib/gcc/arm-linux-gnueabihf/4.7.3/libgcc.a(_divsi3.o)
 .ARM.attributes
                0x00000402       0x21 /usr/local/arm/gcc-linaro-arm-linux-gnueabihf-4.7-2013.03-20130313_linux/bin/../lib/gcc/arm-linux-gnueabihf/4.7.3/libgcc.a(_lshrdi3.o)
 .ARM.attributes
                0x00000423       0x21 /usr/local/arm/gcc-linaro-arm-linux-gnueabihf-4.7-2013.03-20130313_linux/bin/../lib/gcc/arm-linux-gnueabihf/4.7.3/libgcc.a(_ashrdi3.o)
 .ARM.attributes
                0x00000444       0x21 /usr/local/arm/gcc-linaro-arm-linux-gnueabihf-4.7-2013.03-20130313_linux/bin/../lib/gcc/arm-linux-gnueabihf/4.7.3/libgcc.a(_ashldi3.o)
 .ARM.attributes
                0x00000465       0x21 /usr/local/arm/gcc-linaro-arm-linux-gnueabihf-4.7-2013.03-20130313_linux/bin/../lib/gcc/arm-linux-gnueabihf/4.7.3/libgcc.a(_dvmd_lnx.o)

.comment        0x00000000       0x68
 .comment       0x00000000       0x68 arch/arm/cpu/armv7/libarmv7.o
                                0x13b (size before relaxing)
 .comment       0x00000000       0xd2 arch/arm/cpu/armv7/omap-common/libomap-common.o
 .comment       0x00000000      0x1a4 arch/arm/cpu/armv7/ti81xx/libti81xx.o
 .comment       0x00000000      0x276 arch/arm/lib/libarm.o
 .comment       0x00000000     0x113a common/libcommon.o
 .comment       0x00000000       0xd2 disk/libdisk.o
 .comment       0x00000000       0x69 drivers/i2c/libi2c.o
 .comment       0x00000000       0xd2 drivers/mmc/libmmc.o
 .comment       0x00000000       0x69 drivers/mtd/libmtd.o
 .comment       0x00000000      0x2df drivers/mtd/nand/libnand.o
 .comment       0x00000000       0xd2 drivers/mtd/spi/libspi_flash.o
 .comment       0x00000000       0x69 drivers/net/libnet.o
 .comment       0x00000000       0xd2 drivers/pcmcia/libpcmcia.o
 .comment       0x00000000       0x69 drivers/rtc/librtc.o
 .comment       0x00000000       0xd2 drivers/serial/libserial.o
 .comment       0x00000000       0x69 drivers/spi/libspi.o
 .comment       0x00000000       0xd2 fs/ext2/libext2fs.o
 .comment       0x00000000       0xd2 fs/fat/libfat.o
 .comment       0x00000000      0x6f9 lib/libgeneric.o
 .comment       0x00000000       0x69 lib/zlib/libz.o
 .comment       0x00000000      0x20d net/libnet.o
 .comment       0x00000000      0x20d board/myir/myd_am335x/libmyd_am335x.o
 .comment       0x00000000       0x69 /home/topeet/AM3352/Bootloader/u-boot/arch/arm/lib/eabi_compat.o

.note.GNU-stack
                0x00000000        0x0
 .note.GNU-stack
                0x00000000        0x0 arch/arm/cpu/armv7/libarmv7.o
 .note.GNU-stack
                0x00000000        0x0 arch/arm/cpu/armv7/omap-common/libomap-common.o
 .note.GNU-stack
                0x00000000        0x0 arch/arm/cpu/armv7/ti81xx/libti81xx.o
 .note.GNU-stack
                0x00000000        0x0 arch/arm/lib/libarm.o
 .note.GNU-stack
                0x00000000        0x0 common/libcommon.o
 .note.GNU-stack
                0x00000000        0x0 disk/libdisk.o
 .note.GNU-stack
                0x00000000        0x0 drivers/i2c/libi2c.o
 .note.GNU-stack
                0x00000000        0x0 drivers/mmc/libmmc.o
 .note.GNU-stack
                0x00000000        0x0 drivers/mtd/libmtd.o
 .note.GNU-stack
                0x00000000        0x0 drivers/mtd/nand/libnand.o
 .note.GNU-stack
                0x00000000        0x0 drivers/mtd/spi/libspi_flash.o
 .note.GNU-stack
                0x00000000        0x0 drivers/net/libnet.o
 .note.GNU-stack
                0x00000000        0x0 drivers/pcmcia/libpcmcia.o
 .note.GNU-stack
                0x00000000        0x0 drivers/rtc/librtc.o
 .note.GNU-stack
                0x00000000        0x0 drivers/serial/libserial.o
 .note.GNU-stack
                0x00000000        0x0 drivers/spi/libspi.o
 .note.GNU-stack
                0x00000000        0x0 fs/ext2/libext2fs.o
 .note.GNU-stack
                0x00000000        0x0 fs/fat/libfat.o
 .note.GNU-stack
                0x00000000        0x0 lib/libgeneric.o
 .note.GNU-stack
                0x00000000        0x0 lib/zlib/libz.o
 .note.GNU-stack
                0x00000000        0x0 net/libnet.o
 .note.GNU-stack
                0x00000000        0x0 board/myir/myd_am335x/libmyd_am335x.o
 .note.GNU-stack
                0x00000000        0x0 /home/topeet/AM3352/Bootloader/u-boot/arch/arm/lib/eabi_compat.o
 .note.GNU-stack
                0x00000000        0x0 /usr/local/arm/gcc-linaro-arm-linux-gnueabihf-4.7-2013.03-20130313_linux/bin/../lib/gcc/arm-linux-gnueabihf/4.7.3/libgcc.a(_udivsi3.o)
 .note.GNU-stack
                0x00000000        0x0 /usr/local/arm/gcc-linaro-arm-linux-gnueabihf-4.7-2013.03-20130313_linux/bin/../lib/gcc/arm-linux-gnueabihf/4.7.3/libgcc.a(_divsi3.o)
 .note.GNU-stack
                0x00000000        0x0 /usr/local/arm/gcc-linaro-arm-linux-gnueabihf-4.7-2013.03-20130313_linux/bin/../lib/gcc/arm-linux-gnueabihf/4.7.3/libgcc.a(_lshrdi3.o)
 .note.GNU-stack
                0x00000000        0x0 /usr/local/arm/gcc-linaro-arm-linux-gnueabihf-4.7-2013.03-20130313_linux/bin/../lib/gcc/arm-linux-gnueabihf/4.7.3/libgcc.a(_ashrdi3.o)
 .note.GNU-stack
                0x00000000        0x0 /usr/local/arm/gcc-linaro-arm-linux-gnueabihf-4.7-2013.03-20130313_linux/bin/../lib/gcc/arm-linux-gnueabihf/4.7.3/libgcc.a(_ashldi3.o)
 .note.GNU-stack
                0x00000000        0x0 /usr/local/arm/gcc-linaro-arm-linux-gnueabihf-4.7-2013.03-20130313_linux/bin/../lib/gcc/arm-linux-gnueabihf/4.7.3/libgcc.a(_dvmd_lnx.o)

.debug_line     0x00000000     0xf914
 .debug_line    0x00000000       0xb8 arch/arm/cpu/armv7/start.o
 .debug_line    0x000000b8      0x2ed arch/arm/cpu/armv7/libarmv7.o
 .debug_line    0x000003a5      0x215 arch/arm/cpu/armv7/omap-common/libomap-common.o
 .debug_line    0x000005ba      0x37a arch/arm/cpu/armv7/ti81xx/libti81xx.o
 .debug_line    0x00000934      0x902 arch/arm/lib/libarm.o
 .debug_line    0x00001236     0x5877 common/libcommon.o
 .debug_line    0x00006aad      0x40b disk/libdisk.o
 .debug_line    0x00006eb8      0x2b6 drivers/i2c/libi2c.o
 .debug_line    0x0000716e      0x8b7 drivers/mmc/libmmc.o
 .debug_line    0x00007a25      0x1d4 drivers/mtd/libmtd.o
 .debug_line    0x00007bf9     0x20c7 drivers/mtd/nand/libnand.o
 .debug_line    0x00009cc0      0x3db drivers/mtd/spi/libspi_flash.o
 .debug_line    0x0000a09b      0x59f drivers/net/libnet.o
 .debug_line    0x0000a63a       0x3a drivers/pcmcia/libpcmcia.o
 .debug_line    0x0000a674       0x1d drivers/rtc/librtc.o
 .debug_line    0x0000a691      0x28e drivers/serial/libserial.o
 .debug_line    0x0000a91f      0x22f drivers/spi/libspi.o
 .debug_line    0x0000ab4e      0x4f2 fs/ext2/libext2fs.o
 .debug_line    0x0000b040      0x6da fs/fat/libfat.o
 .debug_line    0x0000b71a     0x1b02 lib/libgeneric.o
 .debug_line    0x0000d21c      0xb0c lib/zlib/libz.o
 .debug_line    0x0000dd28     0x13d0 net/libnet.o
 .debug_line    0x0000f0f8      0x7a2 board/myir/myd_am335x/libmyd_am335x.o
 .debug_line    0x0000f89a       0x7a /home/topeet/AM3352/Bootloader/u-boot/arch/arm/lib/eabi_compat.o

.debug_info     0x00000000    0x51cd1
 .debug_info    0x00000000       0x69 arch/arm/cpu/armv7/start.o
 .debug_info    0x00000069      0xc8f arch/arm/cpu/armv7/libarmv7.o
 .debug_info    0x00000cf8      0x81f arch/arm/cpu/armv7/omap-common/libomap-common.o
 .debug_info    0x00001517     0x1078 arch/arm/cpu/armv7/ti81xx/libti81xx.o
 .debug_info    0x0000258f     0x2c71 arch/arm/lib/libarm.o
 .debug_info    0x00005200    0x1f2a7 common/libcommon.o
 .debug_info    0x000244a7     0x1478 disk/libdisk.o
 .debug_info    0x0002591f     0x1053 drivers/i2c/libi2c.o
 .debug_info    0x00026972     0x3802 drivers/mmc/libmmc.o
 .debug_info    0x0002a174      0xa3f drivers/mtd/libmtd.o
 .debug_info    0x0002abb3     0xdb1a drivers/mtd/nand/libnand.o
 .debug_info    0x000386cd     0x1311 drivers/mtd/spi/libspi_flash.o
 .debug_info    0x000399de     0x24b1 drivers/net/libnet.o
 .debug_info    0x0003be8f       0xe4 drivers/pcmcia/libpcmcia.o
 .debug_info    0x0003bf73       0x72 drivers/rtc/librtc.o
 .debug_info    0x0003bfe5     0x1079 drivers/serial/libserial.o
 .debug_info    0x0003d05e      0xbb3 drivers/spi/libspi.o
 .debug_info    0x0003dc11     0x1a7a fs/ext2/libext2fs.o
 .debug_info    0x0003f68b     0x2138 fs/fat/libfat.o
 .debug_info    0x000417c3     0x47f9 lib/libgeneric.o
 .debug_info    0x00045fbc     0x141d lib/zlib/libz.o
 .debug_info    0x000473d9     0x7745 net/libnet.o
 .debug_info    0x0004eb1e     0x30b7 board/myir/myd_am335x/libmyd_am335x.o
 .debug_info    0x00051bd5       0xfc /home/topeet/AM3352/Bootloader/u-boot/arch/arm/lib/eabi_compat.o

.debug_abbrev   0x00000000    0x1068a
 .debug_abbrev  0x00000000       0x14 arch/arm/cpu/armv7/start.o
 .debug_abbrev  0x00000014      0x474 arch/arm/cpu/armv7/libarmv7.o
 .debug_abbrev  0x00000488      0x2cf arch/arm/cpu/armv7/omap-common/libomap-common.o
 .debug_abbrev  0x00000757      0x4b5 arch/arm/cpu/armv7/ti81xx/libti81xx.o
 .debug_abbrev  0x00000c0c      0xc02 arch/arm/lib/libarm.o
 .debug_abbrev  0x0000180e     0x697f common/libcommon.o
 .debug_abbrev  0x0000818d      0x5a2 disk/libdisk.o
 .debug_abbrev  0x0000872f      0x2ff drivers/i2c/libi2c.o
 .debug_abbrev  0x00008a2e      0x9a1 drivers/mmc/libmmc.o
 .debug_abbrev  0x000093cf      0x201 drivers/mtd/libmtd.o
 .debug_abbrev  0x000095d0     0x17b5 drivers/mtd/nand/libnand.o
 .debug_abbrev  0x0000ad85      0x502 drivers/mtd/spi/libspi_flash.o
 .debug_abbrev  0x0000b287      0x456 drivers/net/libnet.o
 .debug_abbrev  0x0000b6dd       0x4c drivers/pcmcia/libpcmcia.o
 .debug_abbrev  0x0000b729       0x26 drivers/rtc/librtc.o
 .debug_abbrev  0x0000b74f      0x3d9 drivers/serial/libserial.o
 .debug_abbrev  0x0000bb28      0x366 drivers/spi/libspi.o
 .debug_abbrev  0x0000be8e      0x4fc fs/ext2/libext2fs.o
 .debug_abbrev  0x0000c38a      0x66d fs/fat/libfat.o
 .debug_abbrev  0x0000c9f7     0x186c lib/libgeneric.o
 .debug_abbrev  0x0000e263      0x42a lib/zlib/libz.o
 .debug_abbrev  0x0000e68d     0x1627 net/libnet.o
 .debug_abbrev  0x0000fcb4      0x921 board/myir/myd_am335x/libmyd_am335x.o
 .debug_abbrev  0x000105d5       0xb5 /home/topeet/AM3352/Bootloader/u-boot/arch/arm/lib/eabi_compat.o

.debug_aranges  0x00000000      0xe38
 .debug_aranges
                0x00000000       0x20 arch/arm/cpu/armv7/start.o
 .debug_aranges
                0x00000020       0x60 arch/arm/cpu/armv7/libarmv7.o
 .debug_aranges
                0x00000080       0x60 arch/arm/cpu/armv7/omap-common/libomap-common.o
 .debug_aranges
                0x000000e0       0xb8 arch/arm/cpu/armv7/ti81xx/libti81xx.o
 .debug_aranges
                0x00000198       0xc0 arch/arm/lib/libarm.o
 .debug_aranges
                0x00000258      0x530 common/libcommon.o
 .debug_aranges
                0x00000788       0x40 disk/libdisk.o
 .debug_aranges
                0x000007c8       0x20 drivers/i2c/libi2c.o
 .debug_aranges
                0x000007e8       0x40 drivers/mmc/libmmc.o
 .debug_aranges
                0x00000828       0x20 drivers/mtd/libmtd.o
 .debug_aranges
                0x00000848       0xd8 drivers/mtd/nand/libnand.o
 .debug_aranges
                0x00000920       0x40 drivers/mtd/spi/libspi_flash.o
 .debug_aranges
                0x00000960       0x20 drivers/net/libnet.o
 .debug_aranges
                0x00000980       0x30 drivers/pcmcia/libpcmcia.o
 .debug_aranges
                0x000009b0       0x18 drivers/rtc/librtc.o
 .debug_aranges
                0x000009c8       0x40 drivers/serial/libserial.o
 .debug_aranges
                0x00000a08       0x20 drivers/spi/libspi.o
 .debug_aranges
                0x00000a28       0x40 fs/ext2/libext2fs.o
 .debug_aranges
                0x00000a68       0x40 fs/fat/libfat.o
 .debug_aranges
                0x00000aa8      0x210 lib/libgeneric.o
 .debug_aranges
                0x00000cb8       0x20 lib/zlib/libz.o
 .debug_aranges
                0x00000cd8       0xa0 net/libnet.o
 .debug_aranges
                0x00000d78       0xa0 board/myir/myd_am335x/libmyd_am335x.o
 .debug_aranges
                0x00000e18       0x20 /home/topeet/AM3352/Bootloader/u-boot/arch/arm/lib/eabi_compat.o

.debug_frame    0x00000000     0x5b10
 .debug_frame   0x00000000      0x1d0 arch/arm/cpu/armv7/libarmv7.o
 .debug_frame   0x000001d0       0xe8 arch/arm/cpu/armv7/omap-common/libomap-common.o
 .debug_frame   0x000002b8      0x108 arch/arm/cpu/armv7/ti81xx/libti81xx.o
 .debug_frame   0x000003c0      0x3dc arch/arm/lib/libarm.o
 .debug_frame   0x0000079c     0x2068 common/libcommon.o
 .debug_frame   0x00002804      0x16c disk/libdisk.o
 .debug_frame   0x00002970      0x12c drivers/i2c/libi2c.o
 .debug_frame   0x00002a9c      0x3f8 drivers/mmc/libmmc.o
 .debug_frame   0x00002e94       0x7c drivers/mtd/libmtd.o
 .debug_frame   0x00002f10      0xb78 drivers/mtd/nand/libnand.o
 .debug_frame   0x00003a88      0x1cc drivers/mtd/spi/libspi_flash.o
 .debug_frame   0x00003c54      0x1f4 drivers/net/libnet.o
 .debug_frame   0x00003e48      0x190 drivers/serial/libserial.o
 .debug_frame   0x00003fd8      0x10c drivers/spi/libspi.o
 .debug_frame   0x000040e4      0x1a4 fs/ext2/libext2fs.o
 .debug_frame   0x00004288      0x23c fs/fat/libfat.o
 .debug_frame   0x000044c4      0x914 lib/libgeneric.o
 .debug_frame   0x00004dd8      0x124 lib/zlib/libz.o
 .debug_frame   0x00004efc      0x878 net/libnet.o
 .debug_frame   0x00005774      0x324 board/myir/myd_am335x/libmyd_am335x.o
 .debug_frame   0x00005a98       0x38 /home/topeet/AM3352/Bootloader/u-boot/arch/arm/lib/eabi_compat.o
 .debug_frame   0x00005ad0       0x20 /usr/local/arm/gcc-linaro-arm-linux-gnueabihf-4.7-2013.03-20130313_linux/bin/../lib/gcc/arm-linux-gnueabihf/4.7.3/libgcc.a(_udivsi3.o)
 .debug_frame   0x00005af0       0x20 /usr/local/arm/gcc-linaro-arm-linux-gnueabihf-4.7-2013.03-20130313_linux/bin/../lib/gcc/arm-linux-gnueabihf/4.7.3/libgcc.a(_divsi3.o)

.debug_str      0x00000000     0x98d8
 .debug_str     0x00000000      0x3e0 arch/arm/cpu/armv7/libarmv7.o
                                0x6b4 (size before relaxing)
 .debug_str     0x000003e0      0x226 arch/arm/cpu/armv7/omap-common/libomap-common.o
                                0x420 (size before relaxing)
 .debug_str     0x00000606      0x383 arch/arm/cpu/armv7/ti81xx/libti81xx.o
                                0x791 (size before relaxing)
 .debug_str     0x00000989      0x894 arch/arm/lib/libarm.o
                               0x150c (size before relaxing)
 .debug_str     0x0000121d     0x334c common/libcommon.o
                               0x9b6b (size before relaxing)
 .debug_str     0x00004569      0x21c disk/libdisk.o
                                0x759 (size before relaxing)
 .debug_str     0x00004785       0xdb drivers/i2c/libi2c.o
                                0x35b (size before relaxing)
 .debug_str     0x00004860      0x339 drivers/mmc/libmmc.o
                                0xb06 (size before relaxing)
 .debug_str     0x00004b99       0xa7 drivers/mtd/libmtd.o
                                0x4ed (size before relaxing)
 .debug_str     0x00004c40      0xe9d drivers/mtd/nand/libnand.o
                               0x41a7 (size before relaxing)
 .debug_str     0x00005add      0x269 drivers/mtd/spi/libspi_flash.o
                                0x62e (size before relaxing)
 .debug_str     0x00005d46      0x726 drivers/net/libnet.o
                                0xa21 (size before relaxing)
 .debug_str     0x0000646c       0x52 drivers/pcmcia/libpcmcia.o
                                0x1ef (size before relaxing)
 .debug_str     0x000064be       0x39 drivers/rtc/librtc.o
                                 0xed (size before relaxing)
 .debug_str     0x000064f7      0x23d drivers/serial/libserial.o
                                0x720 (size before relaxing)
 .debug_str     0x00006734      0x122 drivers/spi/libspi.o
                                0x2bd (size before relaxing)
 .debug_str     0x00006856      0x59c fs/ext2/libext2fs.o
                                0xa0c (size before relaxing)
 .debug_str     0x00006df2      0x4f2 fs/fat/libfat.o
                                0x93e (size before relaxing)
 .debug_str     0x000072e4      0x5b8 lib/libgeneric.o
                               0x197a (size before relaxing)
 .debug_str     0x0000789c      0x2c6 lib/zlib/libz.o
                                0x5c0 (size before relaxing)
 .debug_str     0x00007b62      0xdd8 net/libnet.o
                               0x1f0b (size before relaxing)
 .debug_str     0x0000893a      0xf6c board/myir/myd_am335x/libmyd_am335x.o
                               0x1a88 (size before relaxing)
 .debug_str     0x000098a6       0x32 /home/topeet/AM3352/Bootloader/u-boot/arch/arm/lib/eabi_compat.o
                                0x120 (size before relaxing)

.debug_loc      0x00000000    0x32705
 .debug_loc     0x00000000      0x655 arch/arm/cpu/armv7/libarmv7.o
 .debug_loc     0x00000655      0x26f arch/arm/cpu/armv7/omap-common/libomap-common.o
 .debug_loc     0x000008c4      0x777 arch/arm/cpu/armv7/ti81xx/libti81xx.o
 .debug_loc     0x0000103b      0xa07 arch/arm/lib/libarm.o
 .debug_loc     0x00001a42    0x12449 common/libcommon.o
 .debug_loc     0x00013e8b      0xa34 disk/libdisk.o
 .debug_loc     0x000148bf      0xc43 drivers/i2c/libi2c.o
 .debug_loc     0x00015502     0x2216 drivers/mmc/libmmc.o
 .debug_loc     0x00017718      0x25f drivers/mtd/libmtd.o
 .debug_loc     0x00017977     0x82dc drivers/mtd/nand/libnand.o
 .debug_loc     0x0001fc53      0xe4e drivers/mtd/spi/libspi_flash.o
 .debug_loc     0x00020aa1     0x135b drivers/net/libnet.o
 .debug_loc     0x00021dfc      0x361 drivers/serial/libserial.o
 .debug_loc     0x0002215d      0xc70 drivers/spi/libspi.o
 .debug_loc     0x00022dcd     0x10c2 fs/ext2/libext2fs.o
 .debug_loc     0x00023e8f     0x1aa5 fs/fat/libfat.o
 .debug_loc     0x00025934     0x4f18 lib/libgeneric.o
 .debug_loc     0x0002a84c     0x2899 lib/zlib/libz.o
 .debug_loc     0x0002d0e5     0x4006 net/libnet.o
 .debug_loc     0x000310eb     0x15ce board/myir/myd_am335x/libmyd_am335x.o
 .debug_loc     0x000326b9       0x4c /home/topeet/AM3352/Bootloader/u-boot/arch/arm/lib/eabi_compat.o

.debug_ranges   0x00000000     0x2c28
 .debug_ranges  0x00000000       0x60 arch/arm/cpu/armv7/libarmv7.o
 .debug_ranges  0x00000060       0x30 arch/arm/cpu/armv7/omap-common/libomap-common.o
 .debug_ranges  0x00000090       0xb0 arch/arm/cpu/armv7/ti81xx/libti81xx.o
 .debug_ranges  0x00000140       0xf8 arch/arm/lib/libarm.o
 .debug_ranges  0x00000238      0xb30 common/libcommon.o
 .debug_ranges  0x00000d68       0x30 disk/libdisk.o
 .debug_ranges  0x00000d98      0x328 drivers/i2c/libi2c.o
 .debug_ranges  0x000010c0      0x210 drivers/mmc/libmmc.o
 .debug_ranges  0x000012d0      0x760 drivers/mtd/nand/libnand.o
 .debug_ranges  0x00001a30       0xc0 drivers/mtd/spi/libspi_flash.o
 .debug_ranges  0x00001af0      0x558 drivers/net/libnet.o
 .debug_ranges  0x00002048       0x60 drivers/serial/libserial.o
 .debug_ranges  0x000020a8       0x90 drivers/spi/libspi.o
 .debug_ranges  0x00002138      0x178 fs/ext2/libext2fs.o
 .debug_ranges  0x000022b0      0x148 fs/fat/libfat.o
 .debug_ranges  0x000023f8      0x270 lib/libgeneric.o
 .debug_ranges  0x00002668       0x18 lib/zlib/libz.o
 .debug_ranges  0x00002680      0x570 net/libnet.o
 .debug_ranges  0x00002bf0       0x38 board/myir/myd_am335x/libmyd_am335x.o
